"this is text log"
new edit
Doing a change for Remote Branching
